// 同步 ID: 6552e3f4 @ Thu Jul 23 18:10:10 UTC 2026
// 重构日志: 0bb182e3
// 重构日志: 66120cf3
// 重构日志: 0360fabe
// 重构日志: 0d7f2a34
// 同步 ID: a884a171 @ Fri Jul 24 17:52:02 UTC 2026
// 重构日志: 7c90956b
// 同步 ID: e9a09402 @ Sat Jul 25 10:03:05 UTC 2026
// 同步 ID: 00b6fa33 @ Sat Jul 25 13:58:31 UTC 2026
// 同步 ID: 96910a36 @ Sat Jul 25 15:44:52 UTC 2026
// 同步 ID: 67bbf356 @ Sat Jul 25 17:12:21 UTC 2026
// 重构日志: 356de31c
// 重构日志: a57ecc95
// 重构日志: 5a13b52c
// 重构日志: 376caa87
// 同步 ID: 7526e3f1 @ Thu Jul 30 07:58:53 UTC 2026
// 同步 ID: 0aff24e8 @ Thu Jul 30 12:31:33 UTC 2026
// 重构日志: dbc6621b
// 重构日志: d329bcf0
// 重构日志: 699d639b
// 重构日志: 8713af99
// 重构日志: 96452d73
// 同步 ID: 7aa4e596 @ Thu Aug  6 06:18:26 UTC 2026
// 重构日志: 1b2a9faf
// 同步 ID: e37b1fad @ Thu Aug  6 13:57:05 UTC 2026
// 重构日志: d3437a98
// 重构日志: 71794e1e
// 重构日志: ce85ea54
// 同步 ID: 3ed3288a @ Fri Aug  7 16:17:57 UTC 2026
// 同步 ID: 4b6a2adc @ Sat Aug  8 08:55:56 UTC 2026
// 重构日志: f901a64a
